// Vitest Snapshot v1, https://vitest.dev/guide/snapshot.html

exports[`app/api route handlers > matches the pinned list of backend routes 1`] = `
[
  "GET /api/attendance/nights -> /attendance/nights",
  "GET /api/attendance/nights/[date] -> /attendance/nights/:date",
  "GET /api/cadets/[cin]/attendance -> /cadets/:cin/attendance",
  "GET /api/leaving-process -> /leaving-process",
  "DELETE /api/leaving-process/[cin] -> /leaving-process/:cin",
  "POST /api/leaving-process/[cin]/send -> /leaving-process/:cin/send",
  "GET /api/session-plans/[id]/pdf -> RAW /session-plans/:id/pdf",
  "GET /api/staff/[cin]/attendance -> /staff/:cin/attendance",
  "GET /api/staff/users -> /staff",
  "GET /api/stores/badges -> /stores/badges",
  "POST /api/stores/badges/cells -> /stores/badges/cells",
  "PATCH /api/stores/badges/cells/[id] -> /stores/badges/cells/:id",
  "DELETE /api/stores/badges/cells/[id] -> /stores/badges/cells/:id",
  "POST /api/stores/badges/cells/[id]/items -> /stores/badges/cells/:id/items",
  "DELETE /api/stores/badges/cols/[col] -> /stores/badges/cols/:col",
  "PATCH /api/stores/badges/config -> /stores/badges/config",
  "PATCH /api/stores/badges/items/[id] -> /stores/badges/items/:id",
  "DELETE /api/stores/badges/items/[id] -> /stores/badges/items/:id",
  "GET /api/stores/badges/order-lists -> /stores/badges/order-lists",
  "POST /api/stores/badges/order-lists/entries -> /stores/badges/order-lists/entries",
  "DELETE /api/stores/badges/order-lists/entries/[id] -> /stores/badges/order-lists/entries/:id",
  "POST /api/stores/badges/order-lists/entries/[id]/mark-ordered -> /stores/badges/order-lists/entries/:id/mark-ordered",
  "POST /api/stores/badges/order-lists/entries/[id]/mark-received -> /stores/badges/order-lists/entries/:id/mark-received",
  "GET /api/stores/badges/orders -> /stores/badges/orders",
  "POST /api/stores/badges/orders -> /stores/badges/orders",
  "PATCH /api/stores/badges/orders/[id] -> /stores/badges/orders/:id",
  "DELETE /api/stores/badges/orders/[id] -> /stores/badges/orders/:id",
  "POST /api/stores/badges/orders/[id]/items/[itemId]/mark-ready -> /stores/badges/orders/:id/items/:itemId/mark-ready",
  "POST /api/stores/badges/orders/[id]/items/[itemId]/stock -> /stores/badges/orders/:id/items/:itemId/stock",
  "DELETE /api/stores/badges/rows/[row] -> /stores/badges/rows/:row",
  "PATCH /api/stores/boxes/[label]/layout -> /stores/boxes/:label/layout",
  "PATCH /api/stores/boxes/[label]/sections/reorder -> /stores/boxes/:label/sections/reorder",
  "GET /api/stores/issuances/[cin] -> /stores/issuances/:cin",
  "POST /api/stores/issuances/[cin] -> /stores/issuances/:cin",
  "DELETE /api/stores/issuances/[cin]/[issuanceId] -> /stores/issuances/:issuanceId",
  "DELETE /api/stores/issuances/item/[id] -> /stores/issuances/:id",
  "GET /api/stores/issuances/user/[id] -> /stores/issuances/user/:id",
  "POST /api/stores/issuances/user/[id] -> /stores/issuances/user/:id",
  "GET /api/stores/logs-forms -> /stores/logs-forms",
  "GET /api/stores/logs-forms/[id]/download -> RAW /stores/logs-forms/:id/download",
  "POST /api/stores/logs-forms/[id]/mark-ordered -> /stores/logs-forms/:id/mark-ordered",
  "POST /api/stores/logs-forms/entries -> /stores/logs-forms/entries",
  "DELETE /api/stores/logs-forms/entries/[id] -> /stores/logs-forms/entries/:id",
  "GET /api/stores/orders -> /stores/orders",
  "POST /api/stores/orders -> /stores/orders",
  "PATCH /api/stores/orders/[id] -> /stores/orders/:id",
  "DELETE /api/stores/orders/[id] -> /stores/orders/:id",
  "POST /api/stores/orders/[id]/items/[itemId]/mark-ready -> /stores/orders/:id/items/:itemId/mark-ready",
  "POST /api/stores/orders/[id]/items/[itemId]/stock -> /stores/orders/:id/items/:itemId/stock",
  "POST /api/stores/orders/kit-flight -> /stores/orders/kit-flight",
  "GET /api/stores/stock -> /stores/stock",
  "POST /api/stores/stock -> /stores/stock",
  "PATCH /api/stores/stock/[id] -> /stores/stock/:id",
  "DELETE /api/stores/stock/[id] -> /stores/stock/:id",
  "GET /api/stores/structure -> /stores/structure",
  "POST /api/stores/structure -> /stores/structure",
]
`;
